[Licensing::Module] Trying to connect to existing licensing client channel...
[Licensing::IpcConnector] Channel LicenseClient-adora doesn't exist
Built from '6000.0/staging' branch; Version is '6000.0.75f1 (26349cd2a5c8) revision 2503836'; Using compiler version '193933523'; Build Type 'Release'
OS: 'Windows 11  (10.0.26200) Professional' Language: 'en' Physical Memory: 16055 MB
BatchMode: 1, IsHumanControllingUs: 0, StartBugReporterOnCrash: 0, Is64bit: 1
System  architecture: x64
Process architecture: x64
Date: 2026-07-02T23:27:09Z

COMMAND LINE ARGUMENTS:
C:\Program Files\Unity\Hub\Editor\6000.0.75f1\Editor\Unity.exe
-batchmode
-nographics
-quit
-projectPath
C:\Users\adora\Documents\UPose-main\UPose-main\UPose
-executeMethod
ExportAtundaCompactForWebGL.ExportAllInternal
-logFile
C:\Users\adora\Documents\UPose-main\UPose-main\UPose\compact_export.log
Successfully changed project path to: C:\Users\adora\Documents\UPose-main\UPose-main\UPose
C:/Users/adora/Documents/UPose-main/UPose-main/UPose
It looks like another Unity instance is running with this project open.

Multiple Unity instances cannot open the same project.

Project: C:/Users/adora/Documents/UPose-main/UPose-main/UPose
Fatal Error! It looks like another Unity instance is running with this project open.

Multiple Unity instances cannot open the same project.

Project: C:/Users/adora/Documents/UPose-main/UPose-main/UPose
Crash!!!
SymInit: Symbol-SearchPath: 'C:/Program Files/Unity/Hub/Editor/6000.0.75f1/Editor/Data/Mono;.;C:\Users\adora\Documents\UPose-main\UPose-main\UPose;C:\Users\adora\Documents\UPose-main\UPose-main\UPose\Library\BurstCache\JIT;C:\Program Files\Unity\Hub\Editor\6000.0.75f1\Editor;C:\Windows;C:\Windows\system32;', symOptions: 534, UserName: 'adora'
OS-Version: 10.0.0
C:\Program Files\Unity\Hub\Editor\6000.0.75f1\Editor\Unity.exe:Unity.exe (00007FF7974D0000), size: 299008 (result: 0), SymType: '-deferred-', PDB: '', fileVersion: 6000.0.75.13468
C:\Windows\SYSTEM32\ntdll.dll:ntdll.dll (00007FFC64F20000), size: 2514944 (result: 0), SymType: '-deferred-', PDB: '', fileVersion: 10.0.26100.8521
C:\Windows\System32\KERNEL32.DLL:KERNEL32.DLL (00007FFC648F0000), size: 823296 (result: 0), SymType: '-deferred-', PDB: '', fileVersion: 10.0.26100.8521
C:\Windows\System32\KERNELBASE.dll:KERNELBASE.dll (00007FFC62320000), size: 4169728 (result: 0), SymType: '-deferred-', PDB: '', fileVersion: 10.0.26100.8655
C:\Windows\System32\USER32.dll:USER32.dll (00007FFC641F0000), size: 1863680 (result: 0), SymType: '-deferred-', PDB: '', fileVersion: 10.0.26100.8521
C:\Windows\System32\win32u.dll:win32u.dll (00007FFC62260000), size: 159744 (result: 0), SymType: '-deferred-', PDB: '', fileVersion: 10.0.26100.8655
C:\Windows\System32\GDI32.dll:GDI32.dll (00007FFC64060000), size: 176128 (result: 0), SymType: '-deferred-', PDB: '', fileVersion: 10.0.26100.8328
C:\Windows\System32\gdi32full.dll:gdi32full.dll (00007FFC62A10000), size: 1224704 (result: 0), SymType: '-deferred-', PDB: '', fileVersion: 10.0.26100.8521
C:\Windows\System32\msvcp_win.dll:msvcp_win.dll (00007FFC62720000), size: 667648 (result: 0), SymType: '-deferred-', PDB: '', fileVersion: 10.0.26100.8521
C:\Windows\System32\ucrtbase.dll:ucrtbase.dll (00007FFC62B40000), size: 1359872 (result: 0), SymType: '-deferred-', PDB: '', fileVersion: 10.0.26100.8521
C:\Windows\System32\IMM32.DLL:IMM32.DLL (00007FFC646F0000), size: 204800 (result: 0), SymType: '-deferred-', PDB: '', fileVersion: 10.0.26100.8521
C:\Program Files\Unity\Hub\Editor\6000.0.75f1\Editor\Unity.dll:Unity.dll (00007FFB34EA0000), size: 87756800 (result: 0), SymType: '-deferred-', PDB: '', fileVersion: 6000.0.75.13468
C:\Windows\System32\CRYPT32.dll:CRYPT32.dll (00007FFC62890000), size: 1540096 (result: 0), SymType: '-deferred-', PDB: '', fileVersion: 10.0.26100.8521
C:\Windows\System32\ADVAPI32.dll:ADVAPI32.dll (00007FFC63800000), size: 745472 (result: 0), SymType: '-deferred-', PDB: '', fileVersion: 10.0.26100.8521
C:\Windows\System32\msvcrt.dll:msvcrt.dll (00007FFC64A10000), size: 692224 (result: 0), SymType: '-deferred-', PDB: '', fileVersion: 7.0.26100.8246
C:\Program Files\Unity\Hub\Editor\6000.0.75f1\Editor\libfbxsdk.dll:libfbxsdk.dll (00007FFB43D20000), size: 8019968 (result: 0), SymType: '-deferred-', PDB: '', fileVersion: 2020.3.7.0
C:\Windows\System32\sechost.dll:sechost.dll (00007FFC645B0000), size: 696320 (result: 0), SymType: '-deferred-', PDB: '', fileVersion: 10.0.26100.8521
C:\Program Files\Unity\Hub\Editor\6000.0.75f1\Editor\s3tcompress.dll:s3tcompress.dll (00007FFC22200000), size: 180224 (result: 0), SymType: '-deferred-', PDB: ''
C:\Program Files\Unity\Hub\Editor\6000.0.75f1\Editor\etccompress.dll:etccompress.dll (00007FFB5E9E0000), size: 5070848 (result: 0), SymType: '-deferred-', PDB: ''
C:\Windows\System32\RPCRT4.dll:RPCRT4.dll (00007FFC64CA0000), size: 1146880 (result: 0), SymType: '-deferred-', PDB: '', fileVersion: 10.0.26100.8521
C:\Program Files\Unity\Hub\Editor\6000.0.75f1\Editor\ispc_texcomp.dll:ispc_texcomp.dll (00007FFB43B60000), size: 1826816 (result: 0), SymType: '-deferred-', PDB: ''
C:\Windows\System32\ole32.dll:ole32.dll (00007FFC62C90000), size: 1671168 (result: 0), SymType: '-deferred-', PDB: '', fileVersion: 10.0.26100.8521
C:\Program Files\Unity\Hub\Editor\6000.0.75f1\Editor\compress_bc7e.dll:compress_bc7e.dll (00007FFB9CC00000), size: 1433600 (result: 0), SymType: '-deferred-', PDB: ''
C:\Program Files\Unity\Hub\Editor\6000.0.75f1\Editor\FreeImage.dll:FreeImage.dll (0000000180000000), size: 5332992 (result: 0), SymType: '-deferred-', PDB: '', fileVersion: 3.18.0.0
C:\Windows\System32\combase.dll:combase.dll (00007FFC63350000), size: 3682304 (result: 0), SymType: '-deferred-', PDB: '', fileVersion: 10.0.26100.8521
C:\Program Files\Unity\Hub\Editor\6000.0.75f1\Editor\WinPixEventRuntime.dll:WinPixEventRuntime.dll (00007FFC5AFB0000), size: 57344 (result: 0), SymType: '-deferred-', PDB: '', fileVersion: 1.0.2403.8001
C:\Windows\System32\WS2_32.dll:WS2_32.dll (00007FFC636E0000), size: 524288 (result: 0), SymType: '-deferred-', PDB: '', fileVersion: 10.0.26100.8521
C:\Program Files\Unity\Hub\Editor\6000.0.75f1\Editor\umbraoptimizer64.dll:umbraoptimizer64.dll (00007FFB89CE0000), size: 1187840 (result: 0), SymType: '-deferred-', PDB: ''
C:\Windows\System32\SETUPAPI.dll:SETUPAPI.dll (00007FFC62EA0000), size: 4747264 (result: 0), SymType: '-deferred-', PDB: '', fileVersion: 10.0.26100.8521
C:\Windows\System32\SHELL32.dll:SHELL32.dll (00007FFC638D0000), size: 7880704 (result: 0), SymType: '-deferred-', PDB: '', fileVersion: 10.0.26100.8655
C:\Windows\SYSTEM32\MSVCP140.dll:MSVCP140.dll (00007FFC35110000), size: 561152 (result: 0), SymType: '-deferred-', PDB: '', fileVersion: 14.44.35211.0
C:\Windows\SYSTEM32\VCRUNTIME140.dll:VCRUNTIME140.dll (00007FFC3C210000), size: 122880 (result: 0), SymType: '-deferred-', PDB: '', fileVersion: 14.44.35211.0
C:\Windows\System32\SHLWAPI.dll:SHLWAPI.dll (00007FFC62E30000), size: 421888 (result: 0), SymType: '-deferred-', PDB: '', fileVersion: 10.0.26100.8521
C:\Windows\SYSTEM32\VCRUNTIME140_1.dll:VCRUNTIME140_1.dll (00007FFC3CC20000), size: 49152 (result: 0), SymType: '-deferred-', PDB: '', fileVersion: 14.44.35211.0
C:\Windows\System32\OLEAUT32.dll:OLEAUT32.dll (00007FFC643D0000), size: 888832 (result: 0), SymType: '-deferred-', PDB: '', fileVersion: 10.0.26100.8655
C:\Windows\System32\WINTRUST.dll:WINTRUST.dll (00007FFC62290000), size: 536576 (result: 0), SymType: '-deferred-', PDB: '', fileVersion: 10.0.26100.8521
C:\Windows\SYSTEM32\bcrypt.dll:bcrypt.dll (00007FFC620A0000), size: 172032 (result: 0), SymType: '-deferred-', PDB: '', fileVersion: 10.0.26100.8521
C:\Windows\SYSTEM32\d3d11.dll:d3d11.dll (00007FFC5C970000), size: 2494464 (result: 0), SymType: '-deferred-', PDB: '', fileVersion: 10.0.26100.8521
C:\Windows\SYSTEM32\d3d12.dll:d3d12.dll (00007FFC310C0000), size: 151552 (result: 0), SymType: '-deferred-', PDB: '', fileVersion: 10.0.26100.8521
C:\Windows\SYSTEM32\dwmapi.dll:dwmapi.dll (00007FFC5F140000), size: 192512 (result: 0), SymType: '-deferred-', PDB: '', fileVersion: 10.0.26100.8521
C:\Windows\SYSTEM32\dxgi.dll:dxgi.dll (00007FFC5EFC0000), size: 1286144 (result: 0), SymType: '-deferred-', PDB: '', fileVersion: 10.0.26100.8521
C:\Windows\SYSTEM32\HID.DLL:HID.DLL (00007FFC605C0000), size: 61440 (result: 0), SymType: '-deferred-', PDB: '', fileVersion: 10.0.26100.1150
C:\Windows\SYSTEM32\IPHLPAPI.DLL:IPHLPAPI.DLL (00007FFC608E0000), size: 208896 (result: 0), SymType: '-deferred-', PDB: '', fileVersion: 10.0.26100.8655
C:\Windows\SYSTEM32\OPENGL32.dll:OPENGL32.dll (00007FFB95040000), size: 1097728 (result: 0), SymType: '-deferred-', PDB: '', fileVersion: 10.0.26100.8521
C:\Windows\SYSTEM32\WINHTTP.dll:WINHTTP.dll (00007FFC5B2A0000), size: 1216512 (result: 0), SymType: '-deferred-', PDB: '', fileVersion: 10.0.26100.8521
C:\Windows\SYSTEM32\WINMM.dll:WINMM.dll (00007FFC579B0000), size: 221184 (result: 0), SymType: '-deferred-', PDB: '', fileVersion: 10.0.26100.8521
C:\Windows\SYSTEM32\GLU32.dll:GLU32.dll (00007FFC16910000), size: 184320 (result: 0), SymType: '-deferred-', PDB: '', fileVersion: 10.0.26100.1150
C:\Program Files\Unity\Hub\Editor\6000.0.75f1\Editor\SketchUpAPI.dll:SketchUpAPI.dll (00007FFB432C0000), size: 8990720 (result: 0), SymType: '-deferred-', PDB: '', fileVersion: 23.0.0.0
C:\Program Files\Unity\Hub\Editor\6000.0.75f1\Editor\NativeProxyHelper.dll:NativeProxyHelper.dll (00007FFB43100000), size: 1789952 (result: 0), SymType: '-deferred-', PDB: ''
C:\Windows\SYSTEM32\VERSION.dll:VERSION.dll (00007FFC5A470000), size: 45056 (result: 0), SymType: '-deferred-', PDB: '', fileVersion: 10.0.26100.1150
C:\Windows\SYSTEM32\WSOCK32.dll:WSOCK32.dll (00007FFC48D20000), size: 40960 (result: 0), SymType: '-deferred-', PDB: '', fileVersion: 10.0.26100.1
C:\Windows\SYSTEM32\powrprof.dll:powrprof.dll (00007FFC62010000), size: 385024 (result: 0), SymType: '-deferred-', PDB: '', fileVersion: 10.0.26100.3912
C:\Program Files\Unity\Hub\Editor\6000.0.75f1\Editor\SketchUpCommonPreferences.dll:SketchUpCommonPreferences.dll (00007FFC17030000), size: 499712 (result: 0), SymType: '-deferred-', PDB: '', fileVersion: 23.0.0.0
C:\Windows\SYSTEM32\Secur32.dll:Secur32.dll (00007FFC5E870000), size: 53248 (result: 0), SymType: '-deferred-', PDB: '', fileVersion: 10.0.26100.7705
C:\Windows\SYSTEM32\dxcore.dll:dxcore.dll (00007FFC5EF70000), size: 278528 (result: 0), SymType: '-deferred-', PDB: '', fileVersion: 10.0.26100.8521
C:\Windows\SYSTEM32\SSPICLI.DLL:SSPICLI.DLL (00007FFC611A0000), size: 299008 (result: 0), SymType: '-deferred-', PDB: '', fileVersion: 10.0.26100.8521
C:\Program Files\Unity\Hub\Editor\6000.0.75f1\Editor\OpenRL.dll:OpenRL.dll (00000175E50B0000), size: 12779520 (result: 0), SymType: '-deferred-', PDB: '', fileVersion: 1.5.0.2907
C:\Windows\SYSTEM32\MSVCP100.dll:MSVCP100.dll (000000006B250000), size: 622592 (result: 0), SymType: '-deferred-', PDB: '', fileVersion: 10.0.40219.325
C:\Windows\SYSTEM32\MSVCR100.dll:MSVCR100.dll (000000006B170000), size: 860160 (result: 0), SymType: '-deferred-', PDB: '', fileVersion: 10.0.40219.325
C:\Program Files\Unity\Hub\Editor\6000.0.75f1\Editor\embree.dll:embree.dll (00007FFB3A400000), size: 16711680 (result: 0), SymType: '-deferred-', PDB: '', fileVersion: 2.14.0.0
C:\Windows\SYSTEM32\cfgmgr32.DLL:cfgmgr32.DLL (00007FFC61DB0000), size: 331776 (result: 0), SymType: '-deferred-', PDB: '', fileVersion: 10.0.26100.8115
C:\Program Files\Unity\Hub\Editor\6000.0.75f1\Editor\tbb.dll:tbb.dll (00007FFBC9C90000), size: 303104 (result: 0), SymType: '-deferred-', PDB: '', fileVersion: 2020.3.2022.1111
C:\Windows\SYSTEM32\MSWSOCK.DLL:MSWSOCK.DLL (00007FFC61450000), size: 442368 (result: 0), SymType: '-deferred-', PDB: '', fileVersion: 10.0.26100.8521
C:\Program Files\Unity\Hub\Editor\6000.0.75f1\Editor\OpenRL_pthread.dll:OpenRL_pthread.dll (00000175E3AF0000), size: 61440 (result: 0), SymType: '-deferred-', PDB: '', fileVersion: 2.9.0.0
C:\Windows\SYSTEM32\UMPDC.dll:UMPDC.dll (00007FFC61FF0000), size: 81920 (result: 0), SymType: '-deferred-', PDB: '', fileVersion: 10.0.26100.8115
C:\Windows\SYSTEM32\MSASN1.dll:MSASN1.dll (00007FFC618B0000), size: 77824 (result: 0), SymType: '-deferred-', PDB: '', fileVersion: 10.0.26100.8246
C:\Windows\System32\bcryptprimitives.dll:bcryptprimitives.dll (00007FFC621B0000), size: 688128 (result: 0), SymType: '-deferred-', PDB: '', fileVersion: 10.0.26100.8328
C:\Windows\SYSTEM32\kernel.appcore.dll:kernel.appcore.dll (00007FFC60F00000), size: 110592 (result: 0), SymType: '-deferred-', PDB: '', fileVersion: 10.0.26100.8521
C:\Windows\system32\uxtheme.dll:uxtheme.dll (00007FFC5EE90000), size: 696320 (result: 0), SymType: '-deferred-', PDB: '', fileVersion: 10.0.26100.8521
C:\Windows\SYSTEM32\windows.storage.dll:windows.storage.dll (00007FFC5FD30000), size: 8912896 (result: 0), SymType: '-deferred-', PDB: '', fileVersion: 10.0.26100.8655
C:\Windows\System32\SHCORE.dll:SHCORE.dll (00007FFC647B0000), size: 1007616 (result: 0), SymType: '-deferred-', PDB: '', fileVersion: 10.0.26100.8655
C:\Windows\SYSTEM32\profapi.dll:profapi.dll (00007FFC620D0000), size: 167936 (result: 0), SymType: '-deferred-', PDB: '', fileVersion: 10.0.26100.8521
C:\Windows\system32\IconCodecService.dll:IconCodecService.dll (00007FFC1F700000), size: 45056 (result: 0), SymType: '-deferred-', PDB: '', fileVersion: 10.0.26100.1
C:\Windows\SYSTEM32\WindowsCodecs.dll:WindowsCodecs.dll (00007FFC5C300000), size: 2277376 (result: 0), SymType: '-deferred-', PDB: '', fileVersion: 10.0.26100.8655
C:\Windows\System32\clbcatq.dll:clbcatq.dll (00007FFC64E20000), size: 712704 (result: 0), SymType: '-deferred-', PDB: '', fileVersion: 2001.12.10941.16384
C:\Windows\System32\netprofm.dll:netprofm.dll (00007FFC5B6B0000), size: 450560 (result: 0), SymType: '-deferred-', PDB: '', fileVersion: 10.0.26100.8521
C:\Windows\System32\npmproxy.dll:npmproxy.dll (00007FFC595B0000), size: 102400 (result: 0), SymType: '-deferred-', PDB: '', fileVersion: 10.0.26100.8328
C:\Windows\SYSTEM32\dbghelp.dll:dbghelp.dll (00007FFC5F620000), size: 2367488 (result: 0), SymType: '-deferred-', PDB: '', fileVersion: 10.0.26100.8328

========== OUTPUTTING STACK TRACE ==================

0x00007FFC623E1B6A (KERNELBASE) RaiseException
[Licensing::Module] Successfully launched the LicensingClient (PId: 50092)
0x00007FFB36A8FD55 (Unity) EditorMonoConsole::LogToConsoleImplementation
0x00007FFB36A90A1A (Unity) EditorMonoConsole::LogToConsoleImplementation
0x00007FFB3772A58D (Unity) DebugStringToFilePostprocessedStacktrace
0x00007FFB37729928 (Unity) DebugStringToFile
0x00007FFB36B8DC26 (Unity) HandleProjectAlreadyOpenInAnotherInstance
0x00007FFB36B8FA38 (Unity) Application::InitializeProject
0x00007FFB37183793 (Unity) UnityMain
0x00007FF7974D2FBA (Unity) __scrt_common_main_seh
0x00007FFC6491E957 (KERNEL32) BaseThreadInitThunk
0x00007FFC64FA7C1C (ntdll) RtlUserThreadStart

========== END OF STACKTRACE ===========

A crash has been intercepted by the crash handler. For call stack and other details, see the latest crash report generated in:
 * C:/Users/adora/AppData/Local/Temp/Unity/Editor/Crashes
[Licensing::IpcConnector] Successfully connected to: "LicenseClient-adora" at "2026-07-02T23:27:15.5344307Z"
